// Jest Snapshot v1, https://goo.gl/fbAQLP

exports[`Header should be rendered 1`] = `
<div
  className="header"
>
   
  <h1>
    123
  </h1>
   
</div>
`;
